[egee.me/index.html]
[egee.me/img/favicon.png]
[pro.fontawesome.com/releases/v6.0.0-beta1/css/all.css]
[backblue.gif]
[fade.gif]
[index.html]
[egee.me/css/nprogress.css]
[egee.me/_next/static/css/e42777865b4dda1ddf48.css]
[egee.me/_next/static/chunks/webpack-af8d060cb140570bcfb2.js]
[egee.me/_next/static/chunks/framework-6c6eb080c4d41d8fd79b.js]
[egee.me/_next/static/chunks/main-5b2d61feb9cebaa93312.js]
[egee.me/_next/static/chunks/pages/_app-2721887619e5b96cfe49.js]
[egee.me/_next/static/chunks/796-2774e92d8a0e10bbf7e7.js]
[egee.me/_next/static/chunks/463-2a2793286edfb466cef3.js]
[egee.me/_next/static/chunks/pages/index-9af412be23caeb25f8be.js]
[egee.me/about]
[egee.me/projects]
[egee.me/contact]
[i.ibb.co/68X2Xfq/pulse.png]
[ajax.googleapis.com/ajax/libs/jquery/3.6.0/jquery.min.js]
[egee.me/js/main.js]
[egee.me/_next/static/chunks/polyfills-eef578260fd80f8fff94.js]
[egee.me/_next/static/CNxvg1e91AeKqRMz5qjEQ/_buildManifest.js]
[egee.me/_next/static/CNxvg1e91AeKqRMz5qjEQ/_ssgManifest.js]
[egee.me/index.html]
[pro.fontawesome.com/releases/v6.0.0-beta1/css/all.css]
[egee.me/css/nprogress.css]
[egee.me/_next/static/css/e42777865b4dda1ddf48.css]
[egee.me/about]
[egee.me/_next/static/chunks/pages/about-1c6832a13e11ca172457.js]
[egee.me/projects]
[egee.me/_next/static/chunks/pages/projects-6dbd5d58f1c72b0e5d3c.js]
[egee.me/contact]
[egee.me/_next/static/chunks/pages/contact-719a4a145db2143677e6.js]
